// Jest Snapshot v1, https://goo.gl/fbAQLP

exports[`<DeleteEventButton /> matches snapshot with default props 1`] = `
<div
  className="delete-link"
  onClick={[Function]}
>
  <button
    type="button"
  >
    <i
      className="glyphicon glyphicon-trash"
    />
  </button>
</div>
`;
