// Jest Snapshot v1, https://goo.gl/fbAQLP

exports[`<CancelEventButton/> matches snapshot with default props 1`] = `
<button
  className="btn btn-red btn-center"
  onClick={[Function]}
  type="button"
>
  No longer interested
</button>
`;
